2017-06-24 16:55:24,543 INFO SETUP [Provision test cluster on AWS] - SUCCEEDED
2017-06-24 16:55:24,986 INFO VERIFY [Provision test cluster on AWS] - SUCCEEDED
2017-06-24 16:57:17,199 INFO TEARDOWN [Provision test cluster on AWS] - SUCCEEDED
